Loading svelte-check in workspace: d:\workspace\headless-admin-svelte
Getting Svelte diagnostics...

d:\workspace\headless-admin-svelte\[32mpackages\airtable\src\data-provider.ts[39m:5:8
[31mError[39m: Cannot find module '@svadmin/core' or its corresponding type declarations. 
[36m  GetManyParams, GetManyResult, CustomParams, CustomResult, Sort, Filter
} from [35m'@svadmin/core'[36m;[39m

d:\workspace\headless-admin-svelte\[32mpackages\core\src\options.ts[39m:6:15
[31mError[39m: Module '"./hooks.svelte"' has no exported member 'InvalidateScope'. 
[36mimport type { MutationMode } from './types';
import type { [35mInvalidateScope[36m } from './hooks.svelte';[39m

d:\workspace\headless-admin-svelte\[32mpackages\core\src\query-hooks.svelte.ts[39m:14:89
[31mError[39m: Module '"./types"' has no exported member 'LiveMode'. 
[36m  GetListParams, GetListResult, Pagination, Sort, Filter, BaseRecord, HttpError,
  GetOneParams, GetOneResult, GetManyParams, GetManyResult, CustomParams, CustomResult, [35mLiveMode[36m, LiveEvent
} from './types';[39m

d:\workspace\headless-admin-svelte\[32mpackages\core\src\query-hooks.svelte.ts[39m:14:99
[31mError[39m: Module '"./types"' has no exported member 'LiveEvent'. 
[36m  GetListParams, GetListResult, Pagination, Sort, Filter, BaseRecord, HttpError,
  GetOneParams, GetOneResult, GetManyParams, GetManyResult, CustomParams, CustomResult, LiveMode, [35mLiveEvent[36m
} from './types';[39m

d:\workspace\headless-admin-svelte\[32mpackages\core\src\table-hooks.svelte.ts[39m:79:5
[31mError[39m: Type 'Sort[] | { initial?: Sort[] | undefined; permanent?: Sort[] | undefined; mode?: "server" | "off" | undefined; }' is not assignable to type 'Sort[] | undefined'.
  Type '{ initial?: Sort[] | undefined; permanent?: Sort[] | undefined; mode?: "server" | "off" | undefined; }' is missing the following properties from type 'Sort[]': length, pop, push, concat, and 29 more. 
[36m    pagination: queryPagination,
    [35msorters[36m: querySorters,
    filters: queryFilters,[39m

d:\workspace\headless-admin-svelte\[32mpackages\core\src\table-hooks.svelte.ts[39m:80:5
[31mError[39m: Type 'Filter[] | { initial?: Filter[] | undefined; permanent?: Filter[] | undefined; mode?: "server" | "off" | undefined; defaultBehavior?: FilterSetMode | undefined; }' is not assignable to type 'Filter[] | undefined'.
  Type '{ initial?: Filter[] | undefined; permanent?: Filter[] | undefined; mode?: "server" | "off" | undefined; defaultBehavior?: FilterSetMode | undefined; }' is missing the following properties from type 'Filter[]': length, pop, push, concat, and 29 more. 
[36m    sorters: querySorters,
    [35mfilters[36m: queryFilters,
    meta,[39m

d:\workspace\headless-admin-svelte\[32mpackages\core\src\table-hooks.svelte.ts[39m:149:7
[31mError[39m: Unused '@ts-expect-error' directive. 
[36m    get totalPages() {
      [35m// @ts-expect-error reactive access[36m
      const total = query.data?.total ?? 0;[39m

d:\workspace\headless-admin-svelte\[32mpackages\core\src\routing-hooks.svelte.ts[39m:46:27
[31mError[39m: Expected 1 arguments, but got 2. 
[36m    } else {
      navigate(targetUrl, [35moptions.type === 'replace'[36m);
    }[39m

d:\workspace\headless-admin-svelte\[32mpackages\core\src\routing-hooks.svelte.ts[39m:68:26
[31mError[39m: Property 'Link' does not exist on type 'RouterProvider'. 
[36m  const routerProvider = getRouterProvider();
  return routerProvider?.[35mLink[36m ?? 'a';
}[39m

d:\workspace\headless-admin-svelte\[32mpackages\core\src\utility-hooks.svelte.ts[39m:77:4
[31mError[39m: ',' expected. 
[36m    return items;
  }[35m([36m));[39m

d:\workspace\headless-admin-svelte\[32mpackages\core\src\utility-hooks.svelte.ts[39m:77:5
[31mError[39m: Expression expected. 
[36m    return items;
  }([35m)[36m);[39m

d:\workspace\headless-admin-svelte\[32mpackages\core\src\utility-hooks.svelte.ts[39m:117:4
[31mError[39m: ',' expected. 
[36m    return list;
  }[35m([36m));[39m

d:\workspace\headless-admin-svelte\[32mpackages\core\src\utility-hooks.svelte.ts[39m:117:5
[31mError[39m: Expression expected. 
[36m    return list;
  }([35m)[36m);[39m

d:\workspace\headless-admin-svelte\[32mpackages\core\src\utility-hooks.svelte.ts[39m:3:37
[31mError[39m: Module '"./context"' has no exported member 'getAdminOptions'. 
[36mimport { useParsed } from './useParsed';
import { getResource, getResources, [35mgetAdminOptions[36m } from './context';
import { navigate } from './router';[39m

d:\workspace\headless-admin-svelte\[32mpackages\core\src\utility-hooks.svelte.ts[39m:64:24
[31mError[39m: Property 'showInMenu' does not exist on type 'ResourceDefinition'. 
[36m    let items = resources
      .filter((r) => r.[35mshowInMenu[36m !== false)
      .map((r) => ({[39m

d:\workspace\headless-admin-svelte\[32mpackages\core\src\utility-hooks.svelte.ts[39m:70:23
[31mError[39m: Property 'parentName' does not exist on type 'ResourceDefinition'. 
[36m        icon: r.icon,
        parentName: r.[35mparentName[36m,
        order: r.menuOrder ?? 999,[39m

d:\workspace\headless-admin-svelte\[32mpackages\core\src\utility-hooks.svelte.ts[39m:71:18
[31mError[39m: Property 'menuOrder' does not exist on type 'ResourceDefinition'. 
[36m        parentName: r.parentName,
        order: r.[35mmenuOrder[36m ?? 999,
      }));[39m

d:\workspace\headless-admin-svelte\[32mpackages\core\src\utility-hooks.svelte.ts[39m:77:4
[31mError[39m: Expected 1 arguments, but got 2. 
[36m    return items;
  }[35m()[36m);[39m

d:\workspace\headless-admin-svelte\[32mpackages\core\src\utility-hooks.svelte.ts[39m:117:4
[31mError[39m: Expected 1 arguments, but got 2. 
[36m    return list;
  }[35m()[36m);[39m

d:\workspace\headless-admin-svelte\[32mpackages\core\src\utility-hooks.svelte.ts[39m:134:33
[31mError[39m: Argument of type '{ resource: string; id?: string | number; pagination?: { current?: number; pageSize?: number; }; sorters?: { field: string; order: "asc" | "desc"; }[]; filters?: { field: string; operator: string; value: any; }[]; queryOptions?: { enabled?: boolean; staleTime?: number; }; }' is not assignable to parameter of type 'UseListOptions<TData, TError>'.
  Types of property 'filters' are incompatible.
    Type '{ field: string; operator: string; value: any; }[] | undefined' is not assignable to type 'Filter[] | undefined'.
      Type '{ field: string; operator: string; value: any; }[]' is not assignable to type 'Filter[]'.
        Type '{ field: string; operator: string; value: any; }' is not assignable to type 'Filter'.
          Types of property 'operator' are incompatible.
            Type 'string' is not assignable to type 'CrudOperator'. 
[36mexport function useRelation<TData extends BaseRecord = BaseRecord, TError = HttpError>(options: UseRelationOptions<TData, TError>) {
  return useList<TData, TError>([35m{
    resource: options.resource,
    ...options
  }[36m);
}[39m

d:\workspace\headless-admin-svelte\[32mpackages\core\src\utility-hooks.svelte.ts[39m:135:5
[31mError[39m: 'resource' is specified more than once, so this usage will be overwritten. 
[36m  return useList<TData, TError>({
    [35mresource: options.resource[36m,
    ...options[39m

d:\workspace\headless-admin-svelte\[32mpackages\core\src\useStepsForm.svelte.ts[39m:5:104
[31mError[39m: Type 'R' does not satisfy the constraint 'BaseRecord'.
  Type 'string' is not assignable to type 'BaseRecord'. 
[36m
export interface UseStepsFormOptions<R extends KnownResources = KnownResources> extends UseFormOptions<[35mR[36m> {
  /** Default step index. Starts at 0. */[39m

d:\workspace\headless-admin-svelte\[32mpackages\core\src\useStepsForm.svelte.ts[39m:12:120
[31mError[39m: Type 'R' does not satisfy the constraint 'BaseRecord'.
  Type 'string' is not assignable to type 'BaseRecord'. 
[36m
export interface UseStepsFormResult<R extends KnownResources = KnownResources, T = InferData<R>> extends UseFormResult<[35mR[36m, T> {
  currentStep: number;[39m

d:\workspace\headless-admin-svelte\[32mpackages\core\src\useStepsForm.svelte.ts[39m:24:24
[31mError[39m: Type 'R' does not satisfy the constraint 'BaseRecord'.
  Type 'string' is not assignable to type 'BaseRecord'. 
[36mexport function useStepsForm<R extends KnownResources = KnownResources, T = InferData<R>>(options: UseStepsFormOptions<R> = {} as UseStepsFormOptions<R>): UseStepsFormResult<R, T> {
  const form = useForm<[35mR[36m, T>(options);[39m

d:\workspace\headless-admin-svelte\[32mpackages\core\src\index.ts[39m:11:12
[31mError[39m: Module '"./hooks.svelte"' has no exported member 'useInfiniteList'. 
[36mexport {
  useList, [35museInfiniteList[36m,
  useOne, useShow,[39m

d:\workspace\headless-admin-svelte\[32mpackages\core\src\index.ts[39m:13:3
[31mError[39m: Module '"./hooks.svelte"' has no exported member 'useSelect'. 
[36m  useOne, useShow,
  [35museSelect[36m, useMany,
  useCustom, useApiUrl,[39m

d:\workspace\headless-admin-svelte\[32mpackages\core\src\index.ts[39m:14:3
[31mError[39m: Module '"./hooks.svelte"' has no exported member 'useCustom'. 
[36m  useSelect, useMany,
  [35museCustom[36m, useApiUrl,
  useCustomMutation, useInvalidate,[39m

d:\workspace\headless-admin-svelte\[32mpackages\core\src\index.ts[39m:15:3
[31mError[39m: Module '"./hooks.svelte"' has no exported member 'useCustomMutation'. 
[36m  useCustom, useApiUrl,
  [35museCustomMutation[36m, useInvalidate,
  useCreate, useCreateMany,[39m

d:\workspace\headless-admin-svelte\[32mpackages\core\src\index.ts[39m:15:22
[31mError[39m: Module '"./hooks.svelte"' has no exported member 'useInvalidate'. 
[36m  useCustom, useApiUrl,
  useCustomMutation, [35museInvalidate[36m,
  useCreate, useCreateMany,[39m

d:\workspace\headless-admin-svelte\[32mpackages\core\src\index.ts[39m:16:14
[31mError[39m: '"./hooks.svelte"' has no exported member named 'useCreateMany'. Did you mean 'useCreate'? 
[36m  useCustomMutation, useInvalidate,
  useCreate, [35museCreateMany[36m,
  useUpdate, useUpdateMany,[39m

d:\workspace\headless-admin-svelte\[32mpackages\core\src\index.ts[39m:17:14
[31mError[39m: '"./hooks.svelte"' has no exported member named 'useUpdateMany'. Did you mean 'useUpdate'? 
[36m  useCreate, useCreateMany,
  useUpdate, [35museUpdateMany[36m,
  useDelete, useDeleteMany,[39m

d:\workspace\headless-admin-svelte\[32mpackages\core\src\index.ts[39m:18:14
[31mError[39m: '"./hooks.svelte"' has no exported member named 'useDeleteMany'. Did you mean 'useDelete'? 
[36m  useUpdate, useUpdateMany,
  useDelete, [35museDeleteMany[36m,
  useForm, useTable,[39m

d:\workspace\headless-admin-svelte\[32mpackages\core\src\index.ts[39m:24:3
[31mError[39m: Module '"./hooks.svelte"' has no exported member 'useOvertime'. 
[36m  useModalForm, useDrawerForm,
  [35museOvertime[36m, useRelation,
  useNotification, useDataProvider,[39m

d:\workspace\headless-admin-svelte\[32mpackages\core\src\index.ts[39m:25:20
[31mError[39m: Module '"./hooks.svelte"' has no exported member 'useDataProvider'. 
[36m  useOvertime, useRelation,
  useNotification, [35museDataProvider[36m,
  useMenu, useBreadcrumb, useThemedLayoutContext,[39m

d:\workspace\headless-admin-svelte\[32mpackages\core\src\index.ts[39m:26:27
[31mError[39m: Module '"./hooks.svelte"' has no exported member 'useThemedLayoutContext'. 
[36m  useNotification, useDataProvider,
  useMenu, useBreadcrumb, [35museThemedLayoutContext[36m,
} from './hooks.svelte';[39m

d:\workspace\headless-admin-svelte\[32mpackages\core\src\index.ts[39m:63:15
[31mError[39m: Module '"./hooks.svelte"' has no exported member 'InvalidateScope'. 
[36m} from './types';
export type { [35mInvalidateScope[36m } from './hooks.svelte';
export type { LiveProvider, LiveEvent, LiveMode } from './live';[39m

d:\workspace\headless-admin-svelte\[32mpackages\appwrite\src\data-provider.ts[39m:70:68
[31mError[39m: Type 'T' does not satisfy the constraint 'BaseRecord'. 
[36m
    async getList<T>(params: GetListParams): Promise<GetListResult<[35mT[36m>> {
      const { resource, pagination, sorters, filters } = params;[39m

d:\workspace\headless-admin-svelte\[32mpackages\appwrite\src\data-provider.ts[39m:103:65
[31mError[39m: Type 'T' does not satisfy the constraint 'BaseRecord'. 
[36m
    async getOne<T>(params: GetOneParams): Promise<GetOneResult<[35mT[36m>> {
      const doc = await db.getDocument(databaseId, params.resource, String(params.id));[39m

d:\workspace\headless-admin-svelte\[32mpackages\appwrite\src\data-provider.ts[39m:108:65
[31mError[39m: Type 'T' does not satisfy the constraint 'BaseRecord'. 
[36m
    async create<T>(params: CreateParams): Promise<CreateResult<[35mT[36m>> {
      const doc = await db.createDocument(databaseId, params.resource, 'unique()', params.variables);[39m

d:\workspace\headless-admin-svelte\[32mpackages\appwrite\src\data-provider.ts[39m:109:84
[31mError[39m: Argument of type 'unknown' is not assignable to parameter of type 'Record<string, unknown>'. 
[36m    async create<T>(params: CreateParams): Promise<CreateResult<T>> {
      const doc = await db.createDocument(databaseId, params.resource, 'unique()', [35mparams.variables[36m);
      return { data: doc as T };[39m

d:\workspace\headless-admin-svelte\[32mpackages\appwrite\src\data-provider.ts[39m:113:65
[31mError[39m: Type 'T' does not satisfy the constraint 'BaseRecord'. 
[36m
    async update<T>(params: UpdateParams): Promise<UpdateResult<[35mT[36m>> {
      const doc = await db.updateDocument(databaseId, params.resource, String(params.id), params.variables);[39m

d:\workspace\headless-admin-svelte\[32mpackages\appwrite\src\data-provider.ts[39m:114:91
[31mError[39m: Argument of type 'unknown' is not assignable to parameter of type 'Record<string, unknown>'. 
[36m    async update<T>(params: UpdateParams): Promise<UpdateResult<T>> {
      const doc = await db.updateDocument(databaseId, params.resource, String(params.id), [35mparams.variables[36m);
      return { data: doc as T };[39m

d:\workspace\headless-admin-svelte\[32mpackages\appwrite\src\data-provider.ts[39m:118:68
[31mError[39m: Type 'T' does not satisfy the constraint 'BaseRecord'. 
[36m
    async deleteOne<T>(params: DeleteParams): Promise<DeleteResult<[35mT[36m>> {
      await db.deleteDocument(databaseId, params.resource, String(params.id));[39m

d:\workspace\headless-admin-svelte\[32mpackages\appwrite\src\data-provider.ts[39m:123:68
[31mError[39m: Type 'T' does not satisfy the constraint 'BaseRecord'. 
[36m
    async getMany<T>(params: GetManyParams): Promise<GetManyResult<[35mT[36m>> {
      const queries = [`equal("$id", ${JSON.stringify(params.ids.map(String))})`];[39m

d:\workspace\headless-admin-svelte\[32mpackages\appwrite\src\data-provider.ts[39m:129:77
[31mError[39m: Type 'T' does not satisfy the constraint 'BaseRecord'. 
[36m
    async deleteMany<T>(params: DeleteManyParams): Promise<DeleteManyResult<[35mT[36m>> {
      const results: unknown[] = [];[39m

d:\workspace\headless-admin-svelte\[32mpackages\appwrite\src\appwrite.test.ts[39m:2:46
[31mError[39m: Cannot find module 'bun:test' or its corresponding type declarations. 
[36m// @svadmin/appwrite — Unit Tests
import { describe, test, expect, mock } from [35m'bun:test'[36m;
import { createAppwriteDataProvider } from './data-provider';[39m

d:\workspace\headless-admin-svelte\[32mpackages\core\src\auth-hooks.test.ts[39m:7:58
[31mError[39m: Cannot find module 'bun:test' or its corresponding type declarations. 
[36m */
import { describe, test, expect, mock, beforeEach } from [35m'bun:test'[36m;
import type { AuthProvider, AuthActionResult, CheckResult, Identity } from './types';[39m

d:\workspace\headless-admin-svelte\[32mpackages\core\src\data-transfer.test.ts[39m:2:40
[31mError[39m: Cannot find module 'bun:test' or its corresponding type declarations. 
[36m// Unit tests for CSV parsing and data-transfer utilities
import { describe, test, expect } from [35m'bun:test'[36m;[39m

d:\workspace\headless-admin-svelte\[32mpackages\core\src\http-error.test.ts[39m:2:40
[31mError[39m: Cannot find module 'bun:test' or its corresponding type declarations. 
[36m// HttpError + CrudOperator + LogicalFilter tests
import { describe, test, expect } from [35m'bun:test'[36m;
import { HttpError } from './types';[39m

d:\workspace\headless-admin-svelte\[32mpackages\core\src\i18n.test.ts[39m:3:40
[31mError[39m: Cannot find module 'bun:test' or its corresponding type declarations. 
[36m// We test the pure parsing logic directly since the hook itself uses Svelte runes.
import { describe, test, expect } from [35m'bun:test'[36m;[39m

d:\workspace\headless-admin-svelte\[32mpackages\core\src\inferencer-openapi.test.ts[39m:4:40
[31mError[39m: Cannot find module 'bun:test' or its corresponding type declarations. 
[36m */
import { describe, test, expect } from [35m'bun:test'[36m;
import { inferFromOpenAPI } from './inferencer-openapi';[39m

d:\workspace\headless-admin-svelte\[32mpackages\core\src\inferencer.test.ts[39m:2:40
[31mError[39m: Cannot find module 'bun:test' or its corresponding type declarations. 
[36m// Unit tests for Inferencer
import { describe, test, expect } from [35m'bun:test'[36m;
import { inferFieldType, inferResource } from './inferencer';[39m

d:\workspace\headless-admin-svelte\[32mpackages\core\src\live.test.ts[39m:5:46
[31mError[39m: Cannot find module 'bun:test' or its corresponding type declarations. 
[36m */
import { describe, test, expect, mock } from [35m'bun:test'[36m;
import type { LiveProvider, LiveEvent } from './live';[39m

d:\workspace\headless-admin-svelte\[32mpackages\core\src\permissions.test.ts[39m:2:52
[31mError[39m: Cannot find module 'bun:test' or its corresponding type declarations. 
[36m// Unit tests for permissions module
import { describe, test, expect, beforeEach } from [35m'bun:test'[36m;
import { setAccessControl, canAccess, canAccessAsync } from './permissions';[39m

d:\workspace\headless-admin-svelte\[32mpackages\core\src\resource-types.test.ts[39m:2:40
[31mError[39m: Cannot find module 'bun:test' or its corresponding type declarations. 
[36m// Resource Type Registry — type-level tests
import { describe, test, expect } from [35m'bun:test'[36m;
import type { ResourceTypeMap, KnownResources, InferData } from './types';[39m

d:\workspace\headless-admin-svelte\[32mpackages\core\src\router-provider.test.ts[39m:4:40
[31mError[39m: Cannot find module 'bun:test' or its corresponding type declarations. 
[36m// Skip if window is not available (CI without happy-dom).
import { describe, test, expect } from [35m'bun:test'[36m;
import { createHashRouterProvider, createHistoryRouterProvider } from './router-provider';[39m

d:\workspace\headless-admin-svelte\[32mpackages\directus\src\data-provider.ts[39m:5:8
[31mError[39m: Cannot find module '@svadmin/core' or its corresponding type declarations. 
[36m  GetManyParams, GetManyResult, CustomParams, CustomResult, Sort, Filter
} from [35m'@svadmin/core'[36m;[39m

d:\workspace\headless-admin-svelte\[32mpackages\elysia\src\data-provider.ts[39m:11:8
[31mError[39m: Cannot find module '@svadmin/core' or its corresponding type declarations. 
[36m  CustomParams, CustomResult,
} from [35m'@svadmin/core'[36m;[39m

d:\workspace\headless-admin-svelte\[32mpackages\elysia\src\data-provider.ts[39m:54:41
[31mError[39m: Parameter 's' implicitly has an 'any' type. 
[36m      if (sorters?.length) {
        params.set('_sort', sorters.map([35ms[36m => s.field).join(','));
        params.set('_order', sorters.map(s => s.order).join(','));[39m

d:\workspace\headless-admin-svelte\[32mpackages\elysia\src\data-provider.ts[39m:55:42
[31mError[39m: Parameter 's' implicitly has an 'any' type. 
[36m        params.set('_sort', sorters.map(s => s.field).join(','));
        params.set('_order', sorters.map([35ms[36m => s.order).join(','));
      }[39m

d:\workspace\headless-admin-svelte\[32mpackages\elysia\src\data-provider.ts[39m:101:30
[31mError[39m: Parameter 'id' implicitly has an 'any' type. 
[36m    async getMany<T>({ resource, ids }: GetManyParams): Promise<GetManyResult<T>> {
      const params = ids.map([35mid[36m => `id=${id}`).join('&');
      const data = await request<T[]>(`${apiUrl}/${resource}?${params}`, resolveHeaders(opts));[39m

d:\workspace\headless-admin-svelte\[32mpackages\firebase\src\data-provider.ts[39m:5:8
[31mError[39m: Cannot find module '@svadmin/core' or its corresponding type declarations. 
[36m  GetManyParams, GetManyResult, CustomParams, CustomResult, Filter
} from [35m'@svadmin/core'[36m;[39m

d:\workspace\headless-admin-svelte\[32mpackages\graphql\src\data-provider.ts[39m:33:92
[31mError[39m: Type 'T' does not satisfy the constraint 'BaseRecord'. 
[36m
    async getList<T>({ resource, pagination, meta }: GetListParams): Promise<GetListResult<[35mT[36m>> {
      const query = getQuery(meta, 'getList', resource);[39m

d:\workspace\headless-admin-svelte\[32mpackages\graphql\src\data-provider.ts[39m:50:81
[31mError[39m: Type 'T' does not satisfy the constraint 'BaseRecord'. 
[36m
    async getOne<T>({ resource, id, meta }: GetOneParams): Promise<GetOneResult<[35mT[36m>> {
      const query = getQuery(meta, 'getOne', resource);[39m

d:\workspace\headless-admin-svelte\[32mpackages\graphql\src\data-provider.ts[39m:57:88
[31mError[39m: Type 'T' does not satisfy the constraint 'BaseRecord'. 
[36m
    async create<T>({ resource, variables, meta }: CreateParams): Promise<CreateResult<[35mT[36m>> {
      const query = getQuery(meta, 'create', resource);[39m

d:\workspace\headless-admin-svelte\[32mpackages\graphql\src\data-provider.ts[39m:59:36
[31mError[39m: Spread types may only be created from object types. 
[36m      const query = getQuery(meta, 'create', resource);
      const allVars: Variables = { [35m...variables[36m, ...getMetaVars(meta) };
      const response = await client.request<{ data: T }>(query, allVars);[39m

d:\workspace\headless-admin-svelte\[32mpackages\graphql\src\data-provider.ts[39m:64:92
[31mError[39m: Type 'T' does not satisfy the constraint 'BaseRecord'. 
[36m
    async update<T>({ resource, id, variables, meta }: UpdateParams): Promise<UpdateResult<[35mT[36m>> {
      const query = getQuery(meta, 'update', resource);[39m

d:\workspace\headless-admin-svelte\[32mpackages\graphql\src\data-provider.ts[39m:66:40
[31mError[39m: Spread types may only be created from object types. 
[36m      const query = getQuery(meta, 'update', resource);
      const allVars: Variables = { id, [35m...variables[36m, ...getMetaVars(meta) };
      const response = await client.request<{ data: T }>(query, allVars);[39m

d:\workspace\headless-admin-svelte\[32mpackages\graphql\src\data-provider.ts[39m:71:84
[31mError[39m: Type 'T' does not satisfy the constraint 'BaseRecord'. 
[36m
    async deleteOne<T>({ resource, id, meta }: DeleteParams): Promise<DeleteResult<[35mT[36m>> {
      const query = getQuery(meta, 'deleteOne', resource);[39m

d:\workspace\headless-admin-svelte\[32mpackages\hasura\src\data-provider.ts[39m:5:8
[31mError[39m: Cannot find module '@svadmin/core' or its corresponding type declarations. 
[36m  GetManyParams, GetManyResult, CustomParams, CustomResult, Sort, Filter
} from [35m'@svadmin/core'[36m;[39m

d:\workspace\headless-admin-svelte\[32mpackages\medusa\src\data-provider.ts[39m:5:8
[31mError[39m: Cannot find module '@svadmin/core' or its corresponding type declarations. 
[36m  GetManyParams, GetManyResult, CustomParams, CustomResult
} from [35m'@svadmin/core'[36m;[39m

d:\workspace\headless-admin-svelte\[32mpackages\medusa\src\data-provider.ts[39m:25:60
[31mError[39m: Parameter 's' implicitly has an 'any' type. 
[36m      params.set('limit', String(pageSize));
      if (sorters?.length) params.set('order', sorters.map([35ms[36m => `${s.order === 'desc' ? '-' : ''}${s.field}`).join(','));
      if (filters?.length) {[39m

d:\workspace\headless-admin-svelte\[32mpackages\nestjs-query\src\data-provider.ts[39m:5:8
[31mError[39m: Cannot find module '@svadmin/core' or its corresponding type declarations. 
[36m  GetManyParams, GetManyResult, CustomParams, CustomResult, Sort, Filter
} from [35m'@svadmin/core'[36m;[39m

d:\workspace\headless-admin-svelte\[32mpackages\nestjsx-crud\src\data-provider.ts[39m:19:8
[31mError[39m: Cannot find module '@svadmin/core' or its corresponding type declarations. 
[36m  Sort
} from [35m'@svadmin/core'[36m;[39m

d:\workspace\headless-admin-svelte\[32mpackages\nestjsx-crud\src\data-provider.ts[39m:128:20
[31mError[39m: Parameter 'id' implicitly has an 'any' type. 
[36m      const url = new URL(`${apiUrl}/${resource}`);
      ids.forEach(([35mid[36m) => url.searchParams.append('search', `id||$in||${id}`));[39m

d:\workspace\headless-admin-svelte\[32mpackages\pocketbase\src\data-provider.ts[39m:74:68
[31mError[39m: Type 'T' does not satisfy the constraint 'BaseRecord'. 
[36m
    async getList<T>(params: GetListParams): Promise<GetListResult<[35mT[36m>> {
      const page = params.pagination?.current ?? 1;[39m

d:\workspace\headless-admin-svelte\[32mpackages\pocketbase\src\data-provider.ts[39m:87:65
[31mError[39m: Type 'T' does not satisfy the constraint 'BaseRecord'. 
[36m
    async getOne<T>(params: GetOneParams): Promise<GetOneResult<[35mT[36m>> {
      const record = await pb.collection(params.resource).getOne(String(params.id));[39m

d:\workspace\headless-admin-svelte\[32mpackages\pocketbase\src\data-provider.ts[39m:92:65
[31mError[39m: Type 'T' does not satisfy the constraint 'BaseRecord'. 
[36m
    async create<T>(params: CreateParams): Promise<CreateResult<[35mT[36m>> {
      const record = await pb.collection(params.resource).create(params.variables);[39m

d:\workspace\headless-admin-svelte\[32mpackages\pocketbase\src\data-provider.ts[39m:93:66
[31mError[39m: Argument of type 'unknown' is not assignable to parameter of type 'Record<string, unknown>'. 
[36m    async create<T>(params: CreateParams): Promise<CreateResult<T>> {
      const record = await pb.collection(params.resource).create([35mparams.variables[36m);
      return { data: record as T };[39m

d:\workspace\headless-admin-svelte\[32mpackages\pocketbase\src\data-provider.ts[39m:97:65
[31mError[39m: Type 'T' does not satisfy the constraint 'BaseRecord'. 
[36m
    async update<T>(params: UpdateParams): Promise<UpdateResult<[35mT[36m>> {
      const record = await pb.collection(params.resource).update(String(params.id), params.variables);[39m

d:\workspace\headless-admin-svelte\[32mpackages\pocketbase\src\data-provider.ts[39m:98:85
[31mError[39m: Argument of type 'unknown' is not assignable to parameter of type 'Record<string, unknown>'. 
[36m    async update<T>(params: UpdateParams): Promise<UpdateResult<T>> {
      const record = await pb.collection(params.resource).update(String(params.id), [35mparams.variables[36m);
      return { data: record as T };[39m

d:\workspace\headless-admin-svelte\[32mpackages\pocketbase\src\data-provider.ts[39m:102:68
[31mError[39m: Type 'T' does not satisfy the constraint 'BaseRecord'. 
[36m
    async deleteOne<T>(params: DeleteParams): Promise<DeleteResult<[35mT[36m>> {
      await pb.collection(params.resource).delete(String(params.id));[39m

d:\workspace\headless-admin-svelte\[32mpackages\pocketbase\src\data-provider.ts[39m:107:68
[31mError[39m: Type 'T' does not satisfy the constraint 'BaseRecord'. 
[36m
    async getMany<T>(params: GetManyParams): Promise<GetManyResult<[35mT[36m>> {
      const filter = params.ids.map(id => `id = '${id}'`).join(' || ');[39m

d:\workspace\headless-admin-svelte\[32mpackages\pocketbase\src\data-provider.ts[39m:113:77
[31mError[39m: Type 'T' does not satisfy the constraint 'BaseRecord'. 
[36m
    async deleteMany<T>(params: DeleteManyParams): Promise<DeleteManyResult<[35mT[36m>> {
      const results: unknown[] = [];[39m

d:\workspace\headless-admin-svelte\[32mpackages\pocketbase\src\pocketbase.test.ts[39m:2:46
[31mError[39m: Cannot find module 'bun:test' or its corresponding type declarations. 
[36m// @svadmin/pocketbase — Unit Tests
import { describe, test, expect, mock } from [35m'bun:test'[36m;
import { createPocketBaseDataProvider } from './data-provider';[39m

d:\workspace\headless-admin-svelte\[32mpackages\sanity\src\data-provider.ts[39m:5:8
[31mError[39m: Cannot find module '@svadmin/core' or its corresponding type declarations. 
[36m  GetManyParams, GetManyResult, CustomParams, CustomResult
} from [35m'@svadmin/core'[36m;[39m

d:\workspace\headless-admin-svelte\[32mpackages\sanity\src\data-provider.ts[39m:59:66
[31mError[39m: Parameter 's' implicitly has an 'any' type. 
[36m      const where = filterStr ? `${typeFilter} && ${filterStr}` : typeFilter;
      const orderStr = sorters?.length ? ` | order(${sorters.map([35ms[36m => `${s.field} ${s.order}`).join(', ')})` : '';[39m

d:\workspace\headless-admin-svelte\[32mpackages\simple-rest\src\data-provider.ts[39m:35:104
[31mError[39m: Type 'T' does not satisfy the constraint 'BaseRecord'. 
[36m
    async getList<T>({ resource, pagination, sorters, filters }: GetListParams): Promise<GetListResult<[35mT[36m>> {
      const params = new URLSearchParams();[39m

d:\workspace\headless-admin-svelte\[32mpackages\simple-rest\src\data-provider.ts[39m:63:75
[31mError[39m: Type 'T' does not satisfy the constraint 'BaseRecord'. 
[36m
    async getOne<T>({ resource, id }: GetOneParams): Promise<GetOneResult<[35mT[36m>> {
      const data = await request<T>(`${apiUrl}/${resource}/${id}`);[39m

d:\workspace\headless-admin-svelte\[32mpackages\simple-rest\src\data-provider.ts[39m:68:82
[31mError[39m: Type 'T' does not satisfy the constraint 'BaseRecord'. 
[36m
    async create<T>({ resource, variables }: CreateParams): Promise<CreateResult<[35mT[36m>> {
      const data = await request<T>(`${apiUrl}/${resource}`, {[39m

d:\workspace\headless-admin-svelte\[32mpackages\simple-rest\src\data-provider.ts[39m:76:86
[31mError[39m: Type 'T' does not satisfy the constraint 'BaseRecord'. 
[36m
    async update<T>({ resource, id, variables }: UpdateParams): Promise<UpdateResult<[35mT[36m>> {
      const data = await request<T>(`${apiUrl}/${resource}/${id}`, {[39m

d:\workspace\headless-admin-svelte\[32mpackages\simple-rest\src\data-provider.ts[39m:84:78
[31mError[39m: Type 'T' does not satisfy the constraint 'BaseRecord'. 
[36m
    async deleteOne<T>({ resource, id }: DeleteParams): Promise<DeleteResult<[35mT[36m>> {
      const data = await request<T>(`${apiUrl}/${resource}/${id}`, { method: 'DELETE' });[39m

d:\workspace\headless-admin-svelte\[32mpackages\simple-rest\src\data-provider.ts[39m:89:79
[31mError[39m: Type 'T' does not satisfy the constraint 'BaseRecord'. 
[36m
    async getMany<T>({ resource, ids }: GetManyParams): Promise<GetManyResult<[35mT[36m>> {
      const params = ids.map(id => `id=${id}`).join('&');[39m

d:\workspace\headless-admin-svelte\[32mpackages\simple-rest\src\data-provider.ts[39m:95:94
[31mError[39m: Type 'T' does not satisfy the constraint 'BaseRecord'. 
[36m
    async createMany<T>({ resource, variables }: CreateManyParams): Promise<CreateManyResult<[35mT[36m>> {
      const results: T[] = [];[39m

d:\workspace\headless-admin-svelte\[32mpackages\simple-rest\src\data-provider.ts[39m:107:99
[31mError[39m: Type 'T' does not satisfy the constraint 'BaseRecord'. 
[36m
    async updateMany<T>({ resource, ids, variables }: UpdateManyParams): Promise<UpdateManyResult<[35mT[36m>> {
      const results: T[] = [];[39m

d:\workspace\headless-admin-svelte\[32mpackages\simple-rest\src\data-provider.ts[39m:119:88
[31mError[39m: Type 'T' does not satisfy the constraint 'BaseRecord'. 
[36m
    async deleteMany<T>({ resource, ids }: DeleteManyParams): Promise<DeleteManyResult<[35mT[36m>> {
      const results: T[] = [];[39m

d:\workspace\headless-admin-svelte\[32mpackages\strapi\src\data-provider.ts[39m:5:8
[31mError[39m: Cannot find module '@svadmin/core' or its corresponding type declarations. 
[36m  GetManyParams, GetManyResult, CustomParams, CustomResult, Sort, Filter
} from [35m'@svadmin/core'[36m;[39m

d:\workspace\headless-admin-svelte\[32mpackages\supabase\src\data-provider.ts[39m:17:110
[31mError[39m: Type 'T' does not satisfy the constraint 'BaseRecord'. 
[36m
    async getList<T>({ resource, pagination, sorters, filters, meta }: GetListParams): Promise<GetListResult<[35mT[36m>> {
      const { current = 1, pageSize = 10 } = pagination ?? {};[39m

d:\workspace\headless-admin-svelte\[32mpackages\supabase\src\data-provider.ts[39m:52:81
[31mError[39m: Type 'T' does not satisfy the constraint 'BaseRecord'. 
[36m
    async getOne<T>({ resource, id, meta }: GetOneParams): Promise<GetOneResult<[35mT[36m>> {
      const select = (meta?.select as string) ?? '*';[39m

d:\workspace\headless-admin-svelte\[32mpackages\supabase\src\data-provider.ts[39m:59:82
[31mError[39m: Type 'T' does not satisfy the constraint 'BaseRecord'. 
[36m
    async create<T>({ resource, variables }: CreateParams): Promise<CreateResult<[35mT[36m>> {
      const { data, error } = await client.from(resource).insert(variables).select().single();[39m

d:\workspace\headless-admin-svelte\[32mpackages\supabase\src\data-provider.ts[39m:65:86
[31mError[39m: Type 'T' does not satisfy the constraint 'BaseRecord'. 
[36m
    async update<T>({ resource, id, variables }: UpdateParams): Promise<UpdateResult<[35mT[36m>> {
      const { data, error } = await client.from(resource).update(variables).eq('id', id).select().single();[39m

d:\workspace\headless-admin-svelte\[32mpackages\supabase\src\data-provider.ts[39m:71:78
[31mError[39m: Type 'T' does not satisfy the constraint 'BaseRecord'. 
[36m
    async deleteOne<T>({ resource, id }: DeleteParams): Promise<DeleteResult<[35mT[36m>> {
      const { data, error } = await client.from(resource).delete().eq('id', id).select().single();[39m

d:\workspace\headless-admin-svelte\[32mpackages\supabase\src\data-provider.ts[39m:77:85
[31mError[39m: Type 'T' does not satisfy the constraint 'BaseRecord'. 
[36m
    async getMany<T>({ resource, ids, meta }: GetManyParams): Promise<GetManyResult<[35mT[36m>> {
      const select = (meta?.select as string) ?? '*';[39m

d:\workspace\headless-admin-svelte\[32mpackages\supabase\src\data-provider.ts[39m:84:94
[31mError[39m: Type 'T' does not satisfy the constraint 'BaseRecord'. 
[36m
    async createMany<T>({ resource, variables }: CreateManyParams): Promise<CreateManyResult<[35mT[36m>> {
      const { data, error } = await client.from(resource).insert(variables).select();[39m

d:\workspace\headless-admin-svelte\[32mpackages\supabase\src\data-provider.ts[39m:90:99
[31mError[39m: Type 'T' does not satisfy the constraint 'BaseRecord'. 
[36m
    async updateMany<T>({ resource, ids, variables }: UpdateManyParams): Promise<UpdateManyResult<[35mT[36m>> {
      const { data, error } = await client.from(resource).update(variables).in('id', ids).select();[39m

d:\workspace\headless-admin-svelte\[32mpackages\supabase\src\data-provider.ts[39m:96:88
[31mError[39m: Type 'T' does not satisfy the constraint 'BaseRecord'. 
[36m
    async deleteMany<T>({ resource, ids }: DeleteManyParams): Promise<DeleteManyResult<[35mT[36m>> {
      const { data, error } = await client.from(resource).delete().in('id', ids).select();[39m

d:\workspace\headless-admin-svelte\[32mpackages\sveltekit\src\router-provider.ts[39m:1:22
[31mError[39m: Cannot find module '$app/navigation' or its corresponding type declarations. 
[36mimport { goto } from [35m'$app/navigation'[36m;
import { page } from '$app/stores';[39m

d:\workspace\headless-admin-svelte\[32mpackages\sveltekit\src\router-provider.ts[39m:2:22
[31mError[39m: Cannot find module '$app/stores' or its corresponding type declarations. 
[36mimport { goto } from '$app/navigation';
import { page } from [35m'$app/stores'[36m;
import { get } from 'svelte/store';[39m

d:\workspace\headless-admin-svelte\[32mpackages\sveltekit\src\router-provider.ts[39m:4:37
[31mError[39m: Cannot find module '@svadmin/core' or its corresponding type declarations. 
[36mimport { get } from 'svelte/store';
import type { RouterProvider } from [35m'@svadmin/core'[36m;[39m

d:\workspace\headless-admin-svelte\[32mpackages\sveltekit\src\router-provider.ts[39m:8:10
[31mError[39m: Binding element 'to' implicitly has an 'any' type. 
[36m  return {
    go({ [35mto[36m, query, type = 'push' }) {
      let url = to;[39m

d:\workspace\headless-admin-svelte\[32mpackages\sveltekit\src\router-provider.ts[39m:8:14
[31mError[39m: Binding element 'query' implicitly has an 'any' type. 
[36m  return {
    go({ to, [35mquery[36m, type = 'push' }) {
      let url = to;[39m

d:\workspace\headless-admin-svelte\[32mpackages\sveltekit\src\router-provider.ts[39m:32:16
[31mError[39m: Property 'url' does not exist on type '{}'. 
[36m        const p = get(page);
        if (p?.[35murl[36m) {
          pathname = p.url.pathname;[39m

d:\workspace\headless-admin-svelte\[32mpackages\sveltekit\src\router-provider.ts[39m:33:24
[31mError[39m: Property 'url' does not exist on type '{}'. 
[36m        if (p?.url) {
          pathname = p.[35murl[36m.pathname;
        }[39m

d:\workspace\headless-admin-svelte\[32mpackages\sveltekit\src\router-provider.ts[39m:35:16
[31mError[39m: Property 'params' does not exist on type '{}'. 
[36m        }
        if (p?.[35mparams[36m) {
          params = { ...p.params };[39m

d:\workspace\headless-admin-svelte\[32mpackages\sveltekit\src\router-provider.ts[39m:36:27
[31mError[39m: Property 'params' does not exist on type '{}'. 
[36m        if (p?.params) {
          params = { ...p.[35mparams[36m };
        }[39m

d:\workspace\headless-admin-svelte\[32mpackages\sveltekit\src\router-provider.ts[39m:38:16
[31mError[39m: Property 'url' does not exist on type '{}'. 
[36m        }
        if (p?.[35murl[36m?.searchParams) {
          p.url.searchParams.forEach((v, k) => {[39m

d:\workspace\headless-admin-svelte\[32mpackages\sveltekit\src\router-provider.ts[39m:39:13
[31mError[39m: Property 'url' does not exist on type '{}'. 
[36m        if (p?.url?.searchParams) {
          p.[35murl[36m.searchParams.forEach((v, k) => {
            params[k] = v;[39m

d:\workspace\headless-admin-svelte\[32mpackages\sveltekit\src\router-provider.ts[39m:39:39
[31mError[39m: Parameter 'v' implicitly has an 'any' type. 
[36m        if (p?.url?.searchParams) {
          p.url.searchParams.forEach(([35mv[36m, k) => {
            params[k] = v;[39m

d:\workspace\headless-admin-svelte\[32mpackages\sveltekit\src\router-provider.ts[39m:39:42
[31mError[39m: Parameter 'k' implicitly has an 'any' type. 
[36m        if (p?.url?.searchParams) {
          p.url.searchParams.forEach((v, [35mk[36m) => {
            params[k] = v;[39m

d:\workspace\headless-admin-svelte\[32mpackages\ui\src\components\Sidebar.svelte[39m:48:31
[31mError[39m: Expected 2-3 arguments, but got 1. (ts)
[36m      try {
        const { can } = await [35mcanAccessAsync[36m({ action: 'list', resource: r.name });
        return { r, can };[39m

d:\workspace\headless-admin-svelte\[32mpackages\ui\src\components\UndoableNotification.svelte[39m:12:26
[33mWarn[39m: This reference only captures the initial value of `duration`. Did you mean to reference it inside a closure instead?
https://svelte.dev/e/state_referenced_locally (svelte)
[36m
  let remaining = $state([35mduration[36m);
  let dismissed = $state(false);[39m

d:\workspace\headless-admin-svelte\[32mpackages\ui\src\components\ConfirmDialog.svelte[39m:40:24
[31mError[39m: Element implicitly has an 'any' type because expression of type 'any' can't be used to index type '{ danger: "destructive"; warning: "destructive"; info: "default"; }'. (ts)
[36m      </Button>
      <Button variant={[35mvariantMap[variant][36m} onclick={onconfirm}>
        {resolvedConfirmText}[39m

d:\workspace\headless-admin-svelte\[32mpackages\ui\src\components\AutoTable.svelte[39m:18:32
[33mWarn[39m: This reference only captures the initial value of `resourceName`. Did you mean to reference it inside a closure instead?
https://svelte.dev/e/state_referenced_locally (svelte)
[36m
  const resource = getResource([35mresourceName[36m);
  const primaryKey = $derived(resource.primaryKey ?? 'id');[39m

d:\workspace\headless-admin-svelte\[32mpackages\ui\src\components\AutoTable.svelte[39m:68:15
[33mWarn[39m: This reference only captures the initial value of `resourceName`. Did you mean to reference it inside a closure instead?
https://svelte.dev/e/state_referenced_locally (svelte)
[36m  const query = useList({
    resource: [35mresourceName[36m,
    pagination,[39m

d:\workspace\headless-admin-svelte\[32mpackages\ui\src\components\AutoTable.svelte[39m:69:5
[33mWarn[39m: This reference only captures the initial value of `pagination`. Did you mean to reference it inside a closure instead?
https://svelte.dev/e/state_referenced_locally (svelte)
[36m    resource: resourceName,
    [35mpagination[36m,
    sorters,[39m

d:\workspace\headless-admin-svelte\[32mpackages\ui\src\components\AutoTable.svelte[39m:70:5
[33mWarn[39m: This reference only captures the initial value of `sorters`. Did you mean to reference it inside a closure instead?
https://svelte.dev/e/state_referenced_locally (svelte)
[36m    pagination,
    [35msorters[36m,
    filters: activeFilters,[39m

d:\workspace\headless-admin-svelte\[32mpackages\ui\src\components\AutoTable.svelte[39m:71:14
[33mWarn[39m: This reference only captures the initial value of `activeFilters`. Did you mean to reference it inside a closure instead?
https://svelte.dev/e/state_referenced_locally (svelte)
[36m    sorters,
    filters: [35mactiveFilters[36m,
  });[39m

d:\workspace\headless-admin-svelte\[32mpackages\ui\src\components\AutoTable.svelte[39m:74:36
[33mWarn[39m: This reference only captures the initial value of `resourceName`. Did you mean to reference it inside a closure instead?
https://svelte.dev/e/state_referenced_locally (svelte)
[36m
  const deleteMutation = useDelete([35mresourceName[36m);[39m

d:\workspace\headless-admin-svelte\[32mpackages\ui\src\components\AutoTable.svelte[39m:171:31
[33mWarn[39m: This reference only captures the initial value of `resourceName`. Did you mean to reference it inside a closure instead?
https://svelte.dev/e/state_referenced_locally (svelte)
[36m  // Permissions
  const canCreate = canAccess([35mresourceName[36m, 'create').can && resource.canCreate !== false;
  const canEdit = canAccess(resourceName, 'edit').can && resource.canEdit !== false;[39m

d:\workspace\headless-admin-svelte\[32mpackages\ui\src\components\AutoTable.svelte[39m:172:29
[33mWarn[39m: This reference only captures the initial value of `resourceName`. Did you mean to reference it inside a closure instead?
https://svelte.dev/e/state_referenced_locally (svelte)
[36m  const canCreate = canAccess(resourceName, 'create').can && resource.canCreate !== false;
  const canEdit = canAccess([35mresourceName[36m, 'edit').can && resource.canEdit !== false;
  const canDelete = canAccess(resourceName, 'delete').can && resource.canDelete !== false;[39m

d:\workspace\headless-admin-svelte\[32mpackages\ui\src\components\AutoTable.svelte[39m:173:31
[33mWarn[39m: This reference only captures the initial value of `resourceName`. Did you mean to reference it inside a closure instead?
https://svelte.dev/e/state_referenced_locally (svelte)
[36m  const canEdit = canAccess(resourceName, 'edit').can && resource.canEdit !== false;
  const canDelete = canAccess([35mresourceName[36m, 'delete').can && resource.canDelete !== false;
  const canExport = canAccess(resourceName, 'export').can;[39m

d:\workspace\headless-admin-svelte\[32mpackages\ui\src\components\AutoTable.svelte[39m:174:31
[33mWarn[39m: This reference only captures the initial value of `resourceName`. Did you mean to reference it inside a closure instead?
https://svelte.dev/e/state_referenced_locally (svelte)
[36m  const canDelete = canAccess(resourceName, 'delete').can && resource.canDelete !== false;
  const canExport = canAccess([35mresourceName[36m, 'export').can;[39m

d:\workspace\headless-admin-svelte\[32mpackages\ui\src\components\AutoTable.svelte[39m:105:29
[31mError[39m: Property 'data' does not exist on type '{ query: CreateQueryResult<GetListResult<BaseRecord>, HttpError>; readonly overtime: OvertimeResult; }'. (ts)
[36m    } else {
      const allIds = (query.[35mdata[36m?.data ?? []).map(r => r[primaryKey] as string | number);
      selectedIds = new Set(allIds);[39m

d:\workspace\headless-admin-svelte\[32mpackages\ui\src\components\AutoTable.svelte[39m:105:51
[31mError[39m: Parameter 'r' implicitly has an 'any' type. (ts)
[36m    } else {
      const allIds = (query.data?.data ?? []).map([35mr[36m => r[primaryKey] as string | number);
      selectedIds = new Set(allIds);[39m

d:\workspace\headless-admin-svelte\[32mpackages\ui\src\components\AutoTable.svelte[39m:114:28
[31mError[39m: Property 'mutateAsync' does not exist on type '{ mutation: CreateMutationResult<{ data: BaseRecord; }, HttpError, UseDeleteMutateParams<Record<string, unknown>>, unknown>; readonly overtime: OvertimeResult; }'. (ts)
[36m    confirmAction = async () => {
      await deleteMutation.[35mmutateAsync[36m(id);
      confirmOpen = false;[39m

d:\workspace\headless-admin-svelte\[32mpackages\ui\src\components\AutoTable.svelte[39m:124:30
[31mError[39m: Property 'mutateAsync' does not exist on type '{ mutation: CreateMutationResult<{ data: BaseRecord; }, HttpError, UseDeleteMutateParams<Record<string, unknown>>, unknown>; readonly overtime: OvertimeResult; }'. (ts)
[36m      for (const id of selectedIds) {
        await deleteMutation.[35mmutateAsync[36m(id);
      }[39m

d:\workspace\headless-admin-svelte\[32mpackages\ui\src\components\AutoTable.svelte[39m:135:24
[31mError[39m: Property 'data' does not exist on type '{ query: CreateQueryResult<GetListResult<BaseRecord>, HttpError>; readonly overtime: OvertimeResult; }'. (ts)
[36m  function exportCSV() {
    const data = query.[35mdata[36m?.data ?? [];
    if (data.length === 0) return;[39m

d:\workspace\headless-admin-svelte\[32mpackages\ui\src\components\AutoTable.svelte[39m:139:27
[31mError[39m: Parameter 'record' implicitly has an 'any' type. (ts)
[36m    const headers = listFields.map(f => f.label);
    const rows = data.map([35mrecord[36m =>
      listFields.map(f => {[39m

d:\workspace\headless-admin-svelte\[32mpackages\ui\src\components\AutoTable.svelte[39m:148:49
[31mError[39m: Parameter 'r' implicitly has an 'any' type. (ts)
[36m
    const csv = [headers.join(','), ...rows.map([35mr[36m => r.map(v => `"${v.replace(/"/g, '""')}"`).join(','))].join('\n');
    const blob = new Blob(['\uFEFF' + csv], { type: 'text/csv;charset=utf-8;' });[39m

d:\workspace\headless-admin-svelte\[32mpackages\ui\src\components\AutoTable.svelte[39m:148:60
[31mError[39m: Parameter 'v' implicitly has an 'any' type. (ts)
[36m
    const csv = [headers.join(','), ...rows.map(r => r.map([35mv[36m => `"${v.replace(/"/g, '""')}"`).join(','))].join('\n');
    const blob = new Blob(['\uFEFF' + csv], { type: 'text/csv;charset=utf-8;' });[39m

d:\workspace\headless-admin-svelte\[32mpackages\ui\src\components\AutoTable.svelte[39m:176:48
[31mError[39m: Property 'data' does not exist on type '{ query: CreateQueryResult<GetListResult<BaseRecord>, HttpError>; readonly overtime: OvertimeResult; }'. (ts)
[36m
  const totalPages = $derived(Math.ceil((query.[35mdata[36m?.total ?? 0) / (pagination.pageSize ?? 10)));
</script>[39m

d:\workspace\headless-admin-svelte\[32mpackages\ui\src\components\AutoTable.svelte[39m:221:16
[31mError[39m: Property 'isLoading' does not exist on type '{ query: CreateQueryResult<GetListResult<BaseRecord>, HttpError>; readonly overtime: OvertimeResult; }'. (ts)
[36m  <div class="rounded-xl border border-border/60 bg-card shadow-md overflow-hidden">
    {#if query.[35misLoading[36m}
      <div class="flex h-64 items-center justify-center">[39m

d:\workspace\headless-admin-svelte\[32mpackages\ui\src\components\AutoTable.svelte[39m:225:21
[31mError[39m: Property 'error' does not exist on type '{ query: CreateQueryResult<GetListResult<BaseRecord>, HttpError>; readonly overtime: OvertimeResult; }'. (ts)
[36m      </div>
    {:else if query.[35merror[36m}
      <div class="flex h-64 items-center justify-center text-destructive text-sm">[39m

d:\workspace\headless-admin-svelte\[32mpackages\ui\src\components\AutoTable.svelte[39m:227:51
[31mError[39m: Property 'error' does not exist on type '{ query: CreateQueryResult<GetListResult<BaseRecord>, HttpError>; readonly overtime: OvertimeResult; }'. (ts)
[36m      <div class="flex h-64 items-center justify-center text-destructive text-sm">
        {t('common.loadFailed', { message: (query.[35merror[36m as Error).message })}
      </div>[39m

d:\workspace\headless-admin-svelte\[32mpackages\ui\src\components\AutoTable.svelte[39m:250:24
[31mError[39m: Property 'data' does not exist on type '{ query: CreateQueryResult<GetListResult<BaseRecord>, HttpError>; readonly overtime: OvertimeResult; }'. (ts)
[36m        <Table.Body>
          {#each query.[35mdata[36m?.data ?? [] as record}
            {@const id = record[primaryKey] as string | number}[39m

d:\workspace\headless-admin-svelte\[32mpackages\ui\src\components\AutoTable.svelte[39m:316:45
[31mError[39m: Property 'data' does not exist on type '{ query: CreateQueryResult<GetListResult<BaseRecord>, HttpError>; readonly overtime: OvertimeResult; }'. (ts)
[36m  <div class="flex items-center justify-between text-sm text-muted-foreground">
    <span>{t('common.total', { total: query.[35mdata[36m?.total ?? 0 })}</span>
    <div class="flex items-center gap-2">[39m

d:\workspace\headless-admin-svelte\[32mpackages\ui\src\components\AutoForm.svelte[39m:19:32
[33mWarn[39m: This reference only captures the initial value of `resourceName`. Did you mean to reference it inside a closure instead?
https://svelte.dev/e/state_referenced_locally (svelte)
[36m
  const resource = getResource([35mresourceName[36m);
  const primaryKey = resource.primaryKey ?? 'id';[39m

d:\workspace\headless-admin-svelte\[32mpackages\ui\src\components\AutoForm.svelte[39m:31:25
[33mWarn[39m: This reference only captures the initial value of `mode`. Did you mean to reference it inside a closure instead?
https://svelte.dev/e/state_referenced_locally (svelte)
[36m  // Load existing data for edit mode
  const existingQuery = [35mmode[36m === 'edit' && id != null
    ? useOne({ resource: resourceName, id })[39m

d:\workspace\headless-admin-svelte\[32mpackages\ui\src\components\AutoForm.svelte[39m:31:44
[33mWarn[39m: This reference only captures the initial value of `id`. Did you mean to reference it inside a closure instead?
https://svelte.dev/e/state_referenced_locally (svelte)
[36m  // Load existing data for edit mode
  const existingQuery = mode === 'edit' && [35mid[36m != null
    ? useOne({ resource: resourceName, id })[39m

d:\workspace\headless-admin-svelte\[32mpackages\ui\src\components\AutoForm.svelte[39m:32:26
[33mWarn[39m: This reference only captures the initial value of `resourceName`. Did you mean to reference it inside a closure instead?
https://svelte.dev/e/state_referenced_locally (svelte)
[36m  const existingQuery = mode === 'edit' && id != null
    ? useOne({ resource: [35mresourceName[36m, id })
    : null;[39m

d:\workspace\headless-admin-svelte\[32mpackages\ui\src\components\AutoForm.svelte[39m:32:40
[33mWarn[39m: This reference only captures the initial value of `id`. Did you mean to reference it inside a closure instead?
https://svelte.dev/e/state_referenced_locally (svelte)
[36m  const existingQuery = mode === 'edit' && id != null
    ? useOne({ resource: resourceName, [35mid[36m })
    : null;[39m

d:\workspace\headless-admin-svelte\[32mpackages\ui\src\components\AutoForm.svelte[39m:85:31
[33mWarn[39m: This reference only captures the initial value of `resourceName`. Did you mean to reference it inside a closure instead?
https://svelte.dev/e/state_referenced_locally (svelte)
[36m
  const createMut = useCreate([35mresourceName[36m);
  const updateMut = useUpdate(resourceName);[39m

d:\workspace\headless-admin-svelte\[32mpackages\ui\src\components\AutoForm.svelte[39m:86:31
[33mWarn[39m: This reference only captures the initial value of `resourceName`. Did you mean to reference it inside a closure instead?
https://svelte.dev/e/state_referenced_locally (svelte)
[36m  const createMut = useCreate(resourceName);
  const updateMut = useUpdate([35mresourceName[36m);[39m

d:\workspace\headless-admin-svelte\[32mpackages\ui\src\components\AutoForm.svelte[39m:65:48
[31mError[39m: Property 'data' does not exist on type '{ query: CreateQueryResult<GetOneResult<BaseRecord>, HttpError>; readonly overtime: OvertimeResult; }'. (ts)
[36m      initialized = true;
    } else if (existingQuery && existingQuery?.[35mdata[36m) {
      formData = { ...existingQuery.data as Record<string, unknown> };[39m

d:\workspace\headless-admin-svelte\[32mpackages\ui\src\components\AutoForm.svelte[39m:66:37
[31mError[39m: Property 'data' does not exist on type '{ query: CreateQueryResult<GetOneResult<BaseRecord>, HttpError>; readonly overtime: OvertimeResult; }'. (ts)
[36m    } else if (existingQuery && existingQuery?.data) {
      formData = { ...existingQuery.[35mdata[36m as Record<string, unknown> };
      initialized = true;[39m

d:\workspace\headless-admin-svelte\[32mpackages\ui\src\components\AutoForm.svelte[39m:128:25
[31mError[39m: Property 'mutateAsync' does not exist on type '{ mutation: CreateMutationResult<{ data: BaseRecord; }, HttpError, UseCreateMutateParams<Record<string, unknown>>, unknown>; readonly overtime: OvertimeResult; }'. (ts)
[36m      if (mode === 'create') {
        await createMut.[35mmutateAsync[36m(cleanData);
      } else if (id != null) {[39m

d:\workspace\headless-admin-svelte\[32mpackages\ui\src\components\AutoForm.svelte[39m:130:25
[31mError[39m: Property 'mutateAsync' does not exist on type '{ mutation: CreateMutationResult<{ data: BaseRecord; }, HttpError, UseUpdateMutateParams<Record<string, unknown>>, unknown>; readonly overtime: OvertimeResult; }'. (ts)
[36m      } else if (id != null) {
        await updateMut.[35mmutateAsync[36m({ id, variables: cleanData });
      }[39m

d:\workspace\headless-admin-svelte\[32mpackages\ui\src\components\AutoForm.svelte[39m:153:80
[31mError[39m: Property 'isLoading' does not exist on type '{ query: CreateQueryResult<GetOneResult<BaseRecord>, HttpError>; readonly overtime: OvertimeResult; }'. (ts)
[36m
  const isLoading = $derived(mode === 'edit' && existingQuery ? existingQuery?.[35misLoading[36m : false);[39m

d:\workspace\headless-admin-svelte\[32mpackages\ui\src\components\ShowPage.svelte[39m:12:32
[33mWarn[39m: This reference only captures the initial value of `resourceName`. Did you mean to reference it inside a closure instead?
https://svelte.dev/e/state_referenced_locally (svelte)
[36m
  const resource = getResource([35mresourceName[36m);
  const showFields = resource.fields.filter(f => f.showInShow !== false);[39m

d:\workspace\headless-admin-svelte\[32mpackages\ui\src\components\ShowPage.svelte[39m:15:37
[33mWarn[39m: This reference only captures the initial value of `resourceName`. Did you mean to reference it inside a closure instead?
https://svelte.dev/e/state_referenced_locally (svelte)
[36m
  const query = useShow({ resource: [35mresourceName[36m, id });[39m

d:\workspace\headless-admin-svelte\[32mpackages\ui\src\components\ShowPage.svelte[39m:15:51
[33mWarn[39m: This reference only captures the initial value of `id`. Did you mean to reference it inside a closure instead?
https://svelte.dev/e/state_referenced_locally (svelte)
[36m
  const query = useShow({ resource: resourceName, [35mid[36m });[39m

d:\workspace\headless-admin-svelte\[32mpackages\ui\src\components\ShowPage.svelte[39m:46:14
[31mError[39m: Property 'isLoading' does not exist on type '{ query: CreateQueryResult<GetOneResult<BaseRecord>, HttpError>; readonly overtime: OvertimeResult; }'. (ts)
[36m
  {#if query.[35misLoading[36m}
    <div class="flex h-64 items-center justify-center">[39m

d:\workspace\headless-admin-svelte\[32mpackages\ui\src\components\ShowPage.svelte[39m:50:19
[31mError[39m: Property 'data' does not exist on type '{ query: CreateQueryResult<GetOneResult<BaseRecord>, HttpError>; readonly overtime: OvertimeResult; }'. (ts)
[36m    </div>
  {:else if query.[35mdata[36m}
    <Card.Root>[39m

d:\workspace\headless-admin-svelte\[32mpackages\ui\src\components\ShowPage.svelte[39m:54:34
[31mError[39m: Property 'data' does not exist on type '{ query: CreateQueryResult<GetOneResult<BaseRecord>, HttpError>; readonly overtime: OvertimeResult; }'. (ts)
[36m        {#each showFields as field}
          {@const value = (query.[35mdata[36m as Record<string, unknown>)[field.key]}
          <div class="flex px-6 py-4">[39m

d:\workspace\headless-admin-svelte\[32mpackages\ui\src\components\AdminApp.svelte[39m:45:26
[33mWarn[39m: This reference only captures the initial value of `routerProvider`. Did you mean to reference it inside a closure instead?
https://svelte.dev/e/state_referenced_locally (svelte)
[36m  // Resolve router provider (default to hash)
  const resolvedRouter = [35mrouterProvider[36m ?? createHashRouterProvider();[39m

d:\workspace\headless-admin-svelte\[32mpackages\ui\src\components\AdminApp.svelte[39m:48:19
[33mWarn[39m: This reference only captures the initial value of `dataProvider`. Did you mean to reference it inside a closure instead?
https://svelte.dev/e/state_referenced_locally (svelte)
[36m  // Set up context
  setDataProvider([35mdataProvider[36m);
  if (authProvider) setAuthProvider(authProvider);[39m

d:\workspace\headless-admin-svelte\[32mpackages\ui\src\components\AdminApp.svelte[39m:49:7
[33mWarn[39m: This reference only captures the initial value of `authProvider`. Did you mean to reference it inside a closure instead?
https://svelte.dev/e/state_referenced_locally (svelte)
[36m  setDataProvider(dataProvider);
  if ([35mauthProvider[36m) setAuthProvider(authProvider);
  setResources(resources);[39m

d:\workspace\headless-admin-svelte\[32mpackages\ui\src\components\AdminApp.svelte[39m:49:37
[33mWarn[39m: This reference only captures the initial value of `authProvider`. Did you mean to reference it inside a closure instead?
https://svelte.dev/e/state_referenced_locally (svelte)
[36m  setDataProvider(dataProvider);
  if (authProvider) setAuthProvider([35mauthProvider[36m);
  setResources(resources);[39m

d:\workspace\headless-admin-svelte\[32mpackages\ui\src\components\AdminApp.svelte[39m:50:16
[33mWarn[39m: This reference only captures the initial value of `resources`. Did you mean to reference it inside a closure instead?
https://svelte.dev/e/state_referenced_locally (svelte)
[36m  if (authProvider) setAuthProvider(authProvider);
  setResources([35mresources[36m);
  setRouterProvider(resolvedRouter);[39m

d:\workspace\headless-admin-svelte\[32mpackages\ui\src\components\AdminApp.svelte[39m:52:7
[33mWarn[39m: This reference only captures the initial value of `locale`. Did you mean to reference it inside a closure instead?
https://svelte.dev/e/state_referenced_locally (svelte)
[36m  setRouterProvider(resolvedRouter);
  if ([35mlocale[36m) setLocale(locale);
  if (defaultTheme) setTheme(defaultTheme);[39m

d:\workspace\headless-admin-svelte\[32mpackages\ui\src\components\AdminApp.svelte[39m:52:25
[33mWarn[39m: This reference only captures the initial value of `locale`. Did you mean to reference it inside a closure instead?
https://svelte.dev/e/state_referenced_locally (svelte)
[36m  setRouterProvider(resolvedRouter);
  if (locale) setLocale([35mlocale[36m);
  if (defaultTheme) setTheme(defaultTheme);[39m

d:\workspace\headless-admin-svelte\[32mpackages\ui\src\components\AdminApp.svelte[39m:53:7
[33mWarn[39m: This reference only captures the initial value of `defaultTheme`. Did you mean to reference it inside a closure instead?
https://svelte.dev/e/state_referenced_locally (svelte)
[36m  if (locale) setLocale(locale);
  if ([35mdefaultTheme[36m) setTheme(defaultTheme);[39m

d:\workspace\headless-admin-svelte\[32mpackages\ui\src\components\AdminApp.svelte[39m:53:30
[33mWarn[39m: This reference only captures the initial value of `defaultTheme`. Did you mean to reference it inside a closure instead?
https://svelte.dev/e/state_referenced_locally (svelte)
[36m  if (locale) setLocale(locale);
  if (defaultTheme) setTheme([35mdefaultTheme[36m);[39m

d:\workspace\headless-admin-svelte\[32mpackages\ui\src\components\AdminApp.svelte[39m:6:52
[31mError[39m: Cannot find module '@tanstack/svelte-query' or its corresponding type declarations. (ts)
[36m  import { navigate } from '@svadmin/core/router';
  import { QueryClient, QueryClientProvider } from [35m'@tanstack/svelte-query'[36m;
  import Layout from './Layout.svelte';[39m

d:\workspace\headless-admin-svelte\[32mpackages\ui\src\components\ui\sheet\sheet.svelte[39m:45:2
[33mWarn[39m: `<div>` with a click handler must have an ARIA role
https://svelte.dev/e/a11y_no_static_element_interactions (svelte)
[36m	<!-- svelte-ignore a11y_click_events_have_key_events a11y_no_static_element_interactions -->
	[35m<div
		class="fixed inset-0 z-50 bg-black/80 animate-in fade-in-0"
		onclick={close}
	></div[36m>[39m

d:\workspace\headless-admin-svelte\[32mpackages\ui\src\components\LiveIndicator.svelte[39m:16:33
[31mError[39m: Element implicitly has an 'any' type because expression of type 'any' can't be used to index type '{ connected: { color: string; label: string; icon: typeof Wifi; }; connecting: { color: string; label: string; icon: typeof LoaderCircle; }; disconnected: { color: string; label: string; icon: typeof WifiOff; }; }'. (ts)
[36m
  const statusConfig = $derived([35m{
    connected: { color: 'var(--live-connected, #22c55e)', label: 'Live', icon: Wifi },
    connecting: { color: 'var(--live-connecting, #f59e0b)', label: 'Connecting...', icon: Loader2 },
    disconnected: { color: 'var(--live-disconnected, #ef4444)', label: 'Offline', icon: WifiOff },
  }[status][36m);[39m

d:\workspace\headless-admin-svelte\[32mpackages\ui\src\components\ListPage.svelte[39m:27:32
[33mWarn[39m: This reference only captures the initial value of `resourceName`. Did you mean to reference it inside a closure instead?
https://svelte.dev/e/state_referenced_locally (svelte)
[36m
  const resource = getResource([35mresourceName[36m);
  const pageTitle = title ?? resource.label;[39m

d:\workspace\headless-admin-svelte\[32mpackages\ui\src\components\ListPage.svelte[39m:28:21
[33mWarn[39m: This reference only captures the initial value of `title`. Did you mean to reference it inside a closure instead?
https://svelte.dev/e/state_referenced_locally (svelte)
[36m  const resource = getResource(resourceName);
  const pageTitle = [35mtitle[36m ?? resource.label;
  const showCreate = canCreate ?? resource.canCreate !== false;[39m

d:\workspace\headless-admin-svelte\[32mpackages\ui\src\components\ListPage.svelte[39m:29:22
[33mWarn[39m: This reference only captures the initial value of `canCreate`. Did you mean to reference it inside a closure instead?
https://svelte.dev/e/state_referenced_locally (svelte)
[36m  const pageTitle = title ?? resource.label;
  const showCreate = [35mcanCreate[36m ?? resource.canCreate !== false;
</script>[39m

d:\workspace\headless-admin-svelte\[32mpackages\ui\src\components\CreatePage.svelte[39m:25:32
[33mWarn[39m: This reference only captures the initial value of `resourceName`. Did you mean to reference it inside a closure instead?
https://svelte.dev/e/state_referenced_locally (svelte)
[36m
  const resource = getResource([35mresourceName[36m);
  const pageTitle = title ?? `${t('common.create')}${resource.label}`;[39m

d:\workspace\headless-admin-svelte\[32mpackages\ui\src\components\CreatePage.svelte[39m:26:21
[33mWarn[39m: This reference only captures the initial value of `title`. Did you mean to reference it inside a closure instead?
https://svelte.dev/e/state_referenced_locally (svelte)
[36m  const resource = getResource(resourceName);
  const pageTitle = [35mtitle[36m ?? `${t('common.create')}${resource.label}`;
</script>[39m

d:\workspace\headless-admin-svelte\[32mpackages\ui\src\components\CreatePage.svelte[39m:41:28
[31mError[39m: Object literal may only specify known properties, and '"action"' does not exist in type '$$ComponentProps'. (ts)
[36m
  <AutoForm {resourceName} [35maction[36m="create" />
</div>[39m

d:\workspace\headless-admin-svelte\[32mpackages\ui\src\components\EditPage.svelte[39m:29:32
[33mWarn[39m: This reference only captures the initial value of `resourceName`. Did you mean to reference it inside a closure instead?
https://svelte.dev/e/state_referenced_locally (svelte)
[36m
  const resource = getResource([35mresourceName[36m);
  const pageTitle = title ?? `${t('common.edit')} ${resource.label} #${id}`;[39m

d:\workspace\headless-admin-svelte\[32mpackages\ui\src\components\EditPage.svelte[39m:30:21
[33mWarn[39m: This reference only captures the initial value of `title`. Did you mean to reference it inside a closure instead?
https://svelte.dev/e/state_referenced_locally (svelte)
[36m  const resource = getResource(resourceName);
  const pageTitle = [35mtitle[36m ?? `${t('common.edit')} ${resource.label} #${id}`;
  const showDelete = canDelete ?? resource.canDelete !== false;[39m

d:\workspace\headless-admin-svelte\[32mpackages\ui\src\components\EditPage.svelte[39m:30:72
[33mWarn[39m: This reference only captures the initial value of `id`. Did you mean to reference it inside a closure instead?
https://svelte.dev/e/state_referenced_locally (svelte)
[36m  const resource = getResource(resourceName);
  const pageTitle = title ?? `${t('common.edit')} ${resource.label} #${[35mid[36m}`;
  const showDelete = canDelete ?? resource.canDelete !== false;[39m

d:\workspace\headless-admin-svelte\[32mpackages\ui\src\components\EditPage.svelte[39m:31:22
[33mWarn[39m: This reference only captures the initial value of `canDelete`. Did you mean to reference it inside a closure instead?
https://svelte.dev/e/state_referenced_locally (svelte)
[36m  const pageTitle = title ?? `${t('common.edit')} ${resource.label} #${id}`;
  const showDelete = [35mcanDelete[36m ?? resource.canDelete !== false;
</script>[39m

d:\workspace\headless-admin-svelte\[32mpackages\ui\src\components\EditPage.svelte[39m:51:28
[31mError[39m: Object literal may only specify known properties, and '"action"' does not exist in type '$$ComponentProps'. (ts)
[36m
  <AutoForm {resourceName} [35maction[36m="edit" {id} />
</div>[39m

d:\workspace\headless-admin-svelte\[32mpackages\ui\src\components\buttons\CreateButton.svelte[39m:14:15
[33mWarn[39m: This reference only captures the initial value of `accessControl`. Did you mean to reference it inside a closure instead?
https://svelte.dev/e/state_referenced_locally (svelte)
[36m  const nav = useNavigation();
  const can = [35maccessControl[36m?.enabled ? useCan({ resource, action: 'create' }) : null;
  const hidden = $derived(accessControl?.hideIfUnauthorized && can && !can.allowed);[39m

d:\workspace\headless-admin-svelte\[32mpackages\ui\src\components\buttons\CreateButton.svelte[39m:14:49
[33mWarn[39m: This reference only captures the initial value of `resource`. Did you mean to reference it inside a closure instead?
https://svelte.dev/e/state_referenced_locally (svelte)
[36m  const nav = useNavigation();
  const can = accessControl?.enabled ? useCan({ [35mresource[36m, action: 'create' }) : null;
  const hidden = $derived(accessControl?.hideIfUnauthorized && can && !can.allowed);[39m

d:\workspace\headless-admin-svelte\[32mpackages\ui\src\components\buttons\CreateButton.svelte[39m:14:40
[31mError[39m: Expected 2-3 arguments, but got 1. (ts)
[36m  const nav = useNavigation();
  const can = accessControl?.enabled ? [35museCan[36m({ resource, action: 'create' }) : null;
  const hidden = $derived(accessControl?.hideIfUnauthorized && can && !can.allowed);[39m

d:\workspace\headless-admin-svelte\[32mpackages\ui\src\components\buttons\EditButton.svelte[39m:15:15
[33mWarn[39m: This reference only captures the initial value of `accessControl`. Did you mean to reference it inside a closure instead?
https://svelte.dev/e/state_referenced_locally (svelte)
[36m  const nav = useNavigation();
  const can = [35maccessControl[36m?.enabled ? useCan({ resource, action: 'edit' }) : null;
  const hidden = $derived(accessControl?.hideIfUnauthorized && can && !can.allowed);[39m

d:\workspace\headless-admin-svelte\[32mpackages\ui\src\components\buttons\EditButton.svelte[39m:15:49
[33mWarn[39m: This reference only captures the initial value of `resource`. Did you mean to reference it inside a closure instead?
https://svelte.dev/e/state_referenced_locally (svelte)
[36m  const nav = useNavigation();
  const can = accessControl?.enabled ? useCan({ [35mresource[36m, action: 'edit' }) : null;
  const hidden = $derived(accessControl?.hideIfUnauthorized && can && !can.allowed);[39m

d:\workspace\headless-admin-svelte\[32mpackages\ui\src\components\buttons\EditButton.svelte[39m:15:40
[31mError[39m: Expected 2-3 arguments, but got 1. (ts)
[36m  const nav = useNavigation();
  const can = accessControl?.enabled ? [35museCan[36m({ resource, action: 'edit' }) : null;
  const hidden = $derived(accessControl?.hideIfUnauthorized && can && !can.allowed);[39m

d:\workspace\headless-admin-svelte\[32mpackages\ui\src\components\buttons\DeleteButton.svelte[39m:19:31
[33mWarn[39m: This reference only captures the initial value of `resource`. Did you mean to reference it inside a closure instead?
https://svelte.dev/e/state_referenced_locally (svelte)
[36m
  const deleteMut = useDelete([35mresource[36m, { mutationMode: undoable ? 'undoable' : 'pessimistic' });
  const can = accessControl?.enabled ? useCan({ resource, action: 'delete' }) : null;[39m

d:\workspace\headless-admin-svelte\[32mpackages\ui\src\components\buttons\DeleteButton.svelte[39m:19:57
[33mWarn[39m: This reference only captures the initial value of `undoable`. Did you mean to reference it inside a closure instead?
https://svelte.dev/e/state_referenced_locally (svelte)
[36m
  const deleteMut = useDelete(resource, { mutationMode: [35mundoable[36m ? 'undoable' : 'pessimistic' });
  const can = accessControl?.enabled ? useCan({ resource, action: 'delete' }) : null;[39m

d:\workspace\headless-admin-svelte\[32mpackages\ui\src\components\buttons\DeleteButton.svelte[39m:20:15
[33mWarn[39m: This reference only captures the initial value of `accessControl`. Did you mean to reference it inside a closure instead?
https://svelte.dev/e/state_referenced_locally (svelte)
[36m  const deleteMut = useDelete(resource, { mutationMode: undoable ? 'undoable' : 'pessimistic' });
  const can = [35maccessControl[36m?.enabled ? useCan({ resource, action: 'delete' }) : null;
  const hidden = $derived(accessControl?.hideIfUnauthorized && can && !can.allowed);[39m

d:\workspace\headless-admin-svelte\[32mpackages\ui\src\components\buttons\DeleteButton.svelte[39m:20:49
[33mWarn[39m: This reference only captures the initial value of `resource`. Did you mean to reference it inside a closure instead?
https://svelte.dev/e/state_referenced_locally (svelte)
[36m  const deleteMut = useDelete(resource, { mutationMode: undoable ? 'undoable' : 'pessimistic' });
  const can = accessControl?.enabled ? useCan({ [35mresource[36m, action: 'delete' }) : null;
  const hidden = $derived(accessControl?.hideIfUnauthorized && can && !can.allowed);[39m

d:\workspace\headless-admin-svelte\[32mpackages\ui\src\components\buttons\DeleteButton.svelte[39m:19:41
[31mError[39m: Expected 0-1 arguments, but got 2. (ts)
[36m
  const deleteMut = useDelete(resource, [35m{ mutationMode: undoable ? 'undoable' : 'pessimistic' }[36m);
  const can = accessControl?.enabled ? useCan({ resource, action: 'delete' }) : null;[39m

d:\workspace\headless-admin-svelte\[32mpackages\ui\src\components\buttons\DeleteButton.svelte[39m:20:40
[31mError[39m: Expected 2-3 arguments, but got 1. (ts)
[36m  const deleteMut = useDelete(resource, { mutationMode: undoable ? 'undoable' : 'pessimistic' });
  const can = accessControl?.enabled ? [35museCan[36m({ resource, action: 'delete' }) : null;
  const hidden = $derived(accessControl?.hideIfUnauthorized && can && !can.allowed);[39m

d:\workspace\headless-admin-svelte\[32mpackages\ui\src\components\buttons\DeleteButton.svelte[39m:30:5
[31mError[39m: Unused '@ts-expect-error' directive. (ts)
[36m    confirming = false;
    [35m// @ts-expect-error $ rune prefix[36m
    await $deleteMut.mutateAsync(recordItemId);[39m

d:\workspace\headless-admin-svelte\[32mpackages\ui\src\components\buttons\DeleteButton.svelte[39m:31:11
[31mError[39m: Cannot use 'deleteMut' as a store. 'deleteMut' needs to be an object with a subscribe method on it.

No overload matches this call.
  Overload 1 of 2, '(store: SvelteStore<any>): any', gave the following error.
    Argument of type '{ mutation: CreateMutationResult<{ data: BaseRecord; }, HttpError, UseDeleteMutateParams<Record<string, unknown>>, unknown>; readonly overtime: OvertimeResult; }' is not assignable to parameter of type 'SvelteStore<any>'.
      Property 'subscribe' is missing in type '{ mutation: CreateMutationResult<{ data: BaseRecord; }, HttpError, UseDeleteMutateParams<Record<string, unknown>>, unknown>; readonly overtime: OvertimeResult; }' but required in type 'SvelteStore<any>'.
  Overload 2 of 2, '(store: SvelteStore<any> | null | undefined): any', gave the following error.
    Argument of type '{ mutation: CreateMutationResult<{ data: BaseRecord; }, HttpError, UseDeleteMutateParams<Record<string, unknown>>, unknown>; readonly overtime: OvertimeResult; }' is not assignable to parameter of type 'SvelteStore<any>'.
      Property 'subscribe' is missing in type '{ mutation: CreateMutationResult<{ data: BaseRecord; }, HttpError, UseDeleteMutateParams<Record<string, unknown>>, unknown>; readonly overtime: OvertimeResult; }' but required in type 'SvelteStore<any>'. (ts)
[36m    // @ts-expect-error $ rune prefix
    await [35m$deleteMut[36m.mutateAsync(recordItemId);
    onSuccess?.();[39m

d:\workspace\headless-admin-svelte\[32mpackages\ui\src\components\buttons\RefreshButton.svelte[39m:2:34
[31mError[39m: Cannot find module '@tanstack/svelte-query' or its corresponding type declarations. (ts)
[36m<script lang="ts">
  import { useQueryClient } from [35m'@tanstack/svelte-query'[36m;
  import { Button } from '../ui/button/index.js';[39m

d:\workspace\headless-admin-svelte\[32mpackages\ui\src\components\buttons\ExportButton.svelte[39m:12:52
[33mWarn[39m: This reference only captures the initial value of `resource`. Did you mean to reference it inside a closure instead?
https://svelte.dev/e/state_referenced_locally (svelte)
[36m
  const { triggerExport, isLoading } = useExport({ [35mresource[36m });
</script>[39m

d:\workspace\headless-admin-svelte\[32mpackages\ui\src\components\buttons\ExportButton.svelte[39m:12:11
[31mError[39m: Property 'triggerExport' does not exist on type '{ exportCSV: (opts?: { filename?: string | undefined; fields?: string[] | undefined; } | undefined) => Promise<void>; readonly isExporting: boolean; }'. (ts)
[36m
  const { [35mtriggerExport[36m, isLoading } = useExport({ resource });
</script>[39m

d:\workspace\headless-admin-svelte\[32mpackages\ui\src\components\buttons\ExportButton.svelte[39m:12:26
[31mError[39m: Property 'isLoading' does not exist on type '{ exportCSV: (opts?: { filename?: string | undefined; fields?: string[] | undefined; } | undefined) => Promise<void>; readonly isExporting: boolean; }'. (ts)
[36m
  const { triggerExport, [35misLoading[36m } = useExport({ resource });
</script>[39m

d:\workspace\headless-admin-svelte\[32mpackages\ui\src\components\buttons\ExportButton.svelte[39m:12:50
[31mError[39m: Argument of type '{ resource: any; }' is not assignable to parameter of type 'string'. (ts)
[36m
  const { triggerExport, isLoading } = useExport([35m{ resource }[36m);
</script>[39m

d:\workspace\headless-admin-svelte\[32mpackages\ui\src\components\buttons\ImportButton.svelte[39m:14:5
[33mWarn[39m: This reference only captures the initial value of `resource`. Did you mean to reference it inside a closure instead?
https://svelte.dev/e/state_referenced_locally (svelte)
[36m  const { triggerImport, isLoading } = useImport({
    [35mresource[36m,
    onComplete: (result) => onComplete?.(result),[39m

d:\workspace\headless-admin-svelte\[32mpackages\ui\src\components\buttons\ImportButton.svelte[39m:13:11
[31mError[39m: Property 'triggerImport' does not exist on type '{ importCSV: (file: File) => Promise<{ success: number; failed: number; }>; readonly isImporting: boolean; readonly importResult: { success: number; failed: number; } | null; }'. (ts)
[36m
  const { [35mtriggerImport[36m, isLoading } = useImport({
    resource,[39m

d:\workspace\headless-admin-svelte\[32mpackages\ui\src\components\buttons\ImportButton.svelte[39m:13:26
[31mError[39m: Property 'isLoading' does not exist on type '{ importCSV: (file: File) => Promise<{ success: number; failed: number; }>; readonly isImporting: boolean; readonly importResult: { success: number; failed: number; } | null; }'. (ts)
[36m
  const { triggerImport, [35misLoading[36m } = useImport({
    resource,[39m

d:\workspace\headless-admin-svelte\[32mpackages\ui\src\components\buttons\ImportButton.svelte[39m:13:50
[31mError[39m: Argument of type '{ resource: any; onComplete: (result: any) => any; }' is not assignable to parameter of type 'string'. (ts)
[36m
  const { triggerImport, isLoading } = useImport([35m{
    resource,
    onComplete: (result) => onComplete?.(result),
  }[36m);
</script>[39m

d:\workspace\headless-admin-svelte\[32mpackages\ui\src\components\buttons\ImportButton.svelte[39m:15:18
[31mError[39m: Parameter 'result' implicitly has an 'any' type. (ts)
[36m    resource,
    onComplete: ([35mresult[36m) => onComplete?.(result),
  });[39m

d:\workspace\headless-admin-svelte\[32mpackages\ui\src\components\buttons\CloneButton.svelte[39m:15:15
[33mWarn[39m: This reference only captures the initial value of `accessControl`. Did you mean to reference it inside a closure instead?
https://svelte.dev/e/state_referenced_locally (svelte)
[36m  const nav = useNavigation();
  const can = [35maccessControl[36m?.enabled ? useCan({ resource, action: 'create' }) : null;
  const hidden = $derived(accessControl?.hideIfUnauthorized && can && !can.allowed);[39m

d:\workspace\headless-admin-svelte\[32mpackages\ui\src\components\buttons\CloneButton.svelte[39m:15:49
[33mWarn[39m: This reference only captures the initial value of `resource`. Did you mean to reference it inside a closure instead?
https://svelte.dev/e/state_referenced_locally (svelte)
[36m  const nav = useNavigation();
  const can = accessControl?.enabled ? useCan({ [35mresource[36m, action: 'create' }) : null;
  const hidden = $derived(accessControl?.hideIfUnauthorized && can && !can.allowed);[39m

d:\workspace\headless-admin-svelte\[32mpackages\ui\src\components\buttons\CloneButton.svelte[39m:15:40
[31mError[39m: Expected 2-3 arguments, but got 1. (ts)
[36m  const nav = useNavigation();
  const can = accessControl?.enabled ? [35museCan[36m({ resource, action: 'create' }) : null;
  const hidden = $derived(accessControl?.hideIfUnauthorized && can && !can.allowed);[39m

d:\workspace\headless-admin-svelte\[32mpackages\ui\src\components\buttons\CloneButton.svelte[39m:25:24
[31mError[39m: Property 'clone' does not exist on type '{ create: (resource?: string | undefined) => void; edit: (resource?: string | undefined, id?: string | number | undefined) => void; show: (resource?: string | undefined, id?: string | number | undefined) => void; list: (resource?: string | undefined) => void; push: (url: string) => void; replace: (url: string) => vo...'. (ts)
[36m    disabled={can ? !can.allowed : false}
    onclick={() => nav.[35mclone[36m(resource, recordItemId)}
  >[39m

d:\workspace\headless-admin-svelte\[32mpackages\ui\src\components\ui\avatar\avatar.svelte[39m:19:2
[31mError[39m: Modifiers cannot appear here.
If this is a declare statement, move it into <script context="module">..</script> (ts)
[36m
	[35mexport[36m type AvatarSize = VariantProps<typeof avatarVariants>["size"];[39m

d:\workspace\headless-admin-svelte\[32mexample\src\providers\supabase.ts[39m:3:51
[31mError[39m: Cannot find module '@supabase/supabase-js' or its corresponding type declarations. 
[36m
import { createClient, type SupabaseClient } from [35m'@supabase/supabase-js'[36m;[39m

====================================
[31msvelte-check found 165 errors and 52 warnings in 56 files
[39m
